
> nextjs@0.1.0 typecheck
> tsc --noEmit

app/admin/categories/page.tsx(232,19): error TS2554: Expected 2 arguments, but got 1.
app/admin/providers/page.tsx(267,19): error TS2554: Expected 2 arguments, but got 1.
app/admin/users/page.tsx(233,19): error TS2554: Expected 2 arguments, but got 1.
app/api/auth/register/route.ts(63,37): error TS2345: Argument of type '{ userId: string; tenantId: string; email: any; role: UserRole; }' is not assignable to parameter of type 'Omit<JWTPayload, "iat" | "exp">'.
  Property 'providerId' is missing in type '{ userId: string; tenantId: string; email: any; role: UserRole; }' but required in type 'Omit<JWTPayload, "iat" | "exp">'.
components/ui/calendar.tsx(5,27): error TS7016: Could not find a declaration file for module 'react-day-picker'. 'C:/Users/MOHAMED97/Desktop/project/saas-market/node_modules/react-day-picker/dist/index.js' implicitly has an 'any' type.
  Try `npm i --save-dev @types/react-day-picker` if it exists or add a new declaration (.d.ts) file containing `declare module 'react-day-picker';`
components/ui/form.tsx(13,8): error TS2307: Cannot find module 'react-hook-form' or its corresponding type declarations.
components/ui/resizable.tsx(4,37): error TS7016: Could not find a declaration file for module 'react-resizable-panels'. 'C:/Users/MOHAMED97/Desktop/project/saas-market/node_modules/react-resizable-panels/dist/react-resizable-panels.cjs.js' implicitly has an 'any' type.
  Try `npm i --save-dev @types/react-resizable-panels` if it exists or add a new declaration (.d.ts) file containing `declare module 'react-resizable-panels';`
lib/utils.ts(2,25): error TS7016: Could not find a declaration file for module 'tailwind-merge'. 'C:/Users/MOHAMED97/Desktop/project/saas-market/node_modules/tailwind-merge/dist/bundle-mjs.mjs' implicitly has an 'any' type.
  Try `npm i --save-dev @types/tailwind-merge` if it exists or add a new declaration (.d.ts) file containing `declare module 'tailwind-merge';`
